current directory: /home/joxer/rails_app/blog/vendor/bundle/ruby/3.2.0/gems/pg-1.5.9/ext
/usr/bin/ruby3.2 -I/usr/lib/ruby/vendor_ruby extconf.rb
Calling libpq with GVL unlocked
checking for pg_config... yes
Using config values from /home/joxer/.asdf/shims/pg_config
[1;31m----------

NOTICE:

You have tried to upgrade to asdf 0.16.0 or newer. Versions 0.16.0 is a
complete rewrite of asdf in Go. This text is being printed by the older
Bash implementation. If you are seeing this you have not migrated to
asdf 0.16.0. Please follow the instructions on the upgrade guide to
migrate to the new version.

Aside from this notice, this older Bash implementation works as it did
in asdf version 0.15.0 and older.

Migration guide: https://asdf-vm.com/guide/upgrading-to-v0-16
asdf website: https://asdf-vm.com
Source code: https://github.com/asdf-vm/asdf
[0m

[1;31m----------

NOTICE:

You have tried to upgrade to asdf 0.16.0 or newer. Versions 0.16.0 is a
complete rewrite of asdf in Go. This text is being printed by the older
Bash implementation. If you are seeing this you have not migrated to
asdf 0.16.0. Please follow the instructions on the upgrade guide to
migrate to the new version.

Aside from this notice, this older Bash implementation works as it did
in asdf version 0.15.0 and older.

Migration guide: https://asdf-vm.com/guide/upgrading-to-v0-16
asdf website: https://asdf-vm.com
Source code: https://github.com/asdf-vm/asdf
[0m

checking for whether -Wl,-rpath,/home/joxer/.asdf/installs/postgres/15.1/lib is accepted as LDFLAGS... yes
Using libpq from /home/joxer/.asdf/installs/postgres/15.1/lib
checking for libpq-fe.h... yes
checking for libpq/libpq-fs.h... yes
checking for pg_config_manual.h... yes
checking for PQconnectdb() in -lpq... yes
checking for PQconninfo() in libpq-fe.h... yes
checking for PQsslAttribute() in libpq-fe.h... yes
checking for PQresultVerboseErrorMessage() in libpq-fe.h... yes
checking for PQencryptPasswordConn() in libpq-fe.h... yes
checking for PQresultMemorySize() in libpq-fe.h... yes
checking for PQenterPipelineMode() in libpq-fe.h... yes
checking for timegm()... yes
checking for rb_gc_adjust_memory_usage()... yes
checking for rb_gc_mark_movable()... yes
checking for rb_io_wait()... yes
checking for rb_io_descriptor()... yes
checking for unistd.h... yes
checking for inttypes.h... yes
checking for C99 variable length arrays... yes
creating extconf.h
creating Makefile

current directory: /home/joxer/rails_app/blog/vendor/bundle/ruby/3.2.0/gems/pg-1.5.9/ext
make DESTDIR\= sitearchdir\=./.gem.20250619-17175-qkyf7n sitelibdir\=./.gem.20250619-17175-qkyf7n clean

current directory: /home/joxer/rails_app/blog/vendor/bundle/ruby/3.2.0/gems/pg-1.5.9/ext
make DESTDIR\= sitearchdir\=./.gem.20250619-17175-qkyf7n sitelibdir\=./.gem.20250619-17175-qkyf7n
compiling gvl_wrappers.c
In file included from pg.h:60,
                 from gvl_wrappers.c:6:
/home/joxer/.asdf/installs/postgres/15.1/include/pg_config.h:1011: warning: "restrict" redefined
 1011 | #define restrict __restrict
      | 
In file included from /usr/include/ruby-3.2.0/ruby/internal/config.h:22,
                 from /usr/include/ruby-3.2.0/ruby/ruby.h:15,
                 from /usr/include/ruby-3.2.0/ruby.h:38,
                 from pg.h:21:
/usr/include/x86_64-linux-gnu/ruby-3.2.0/ruby/config.h:84: note: this is the location of the previous definition
   84 | #define restrict __restrict__
      | 
compiling pg.c
In file included from pg.h:60,
                 from pg.c:48:
/home/joxer/.asdf/installs/postgres/15.1/include/pg_config.h:1011: warning: "restrict" redefined
 1011 | #define restrict __restrict
      | 
In file included from /usr/include/ruby-3.2.0/ruby/internal/config.h:22,
                 from /usr/include/ruby-3.2.0/ruby/ruby.h:15,
                 from /usr/include/ruby-3.2.0/ruby.h:38,
                 from pg.h:21:
/usr/include/x86_64-linux-gnu/ruby-3.2.0/ruby/config.h:84: note: this is the location of the previous definition
   84 | #define restrict __restrict__
      | 
compiling pg_binary_decoder.c
In file included from pg.h:60,
                 from pg_binary_decoder.c:8:
/home/joxer/.asdf/installs/postgres/15.1/include/pg_config.h:1011: warning: "restrict" redefined
 1011 | #define restrict __restrict
      | 
In file included from /usr/include/ruby-3.2.0/ruby/internal/config.h:22,
                 from /usr/include/ruby-3.2.0/ruby/ruby.h:15,
                 from /usr/include/ruby-3.2.0/ruby.h:38,
                 from pg.h:21:
/usr/include/x86_64-linux-gnu/ruby-3.2.0/ruby/config.h:84: note: this is the location of the previous definition
   84 | #define restrict __restrict__
      | 
compiling pg_binary_encoder.c
In file included from pg.h:60,
                 from pg_binary_encoder.c:7:
/home/joxer/.asdf/installs/postgres/15.1/include/pg_config.h:1011: warning: "restrict" redefined
 1011 | #define restrict __restrict
      | 
In file included from /usr/include/ruby-3.2.0/ruby/internal/config.h:22,
                 from /usr/include/ruby-3.2.0/ruby/ruby.h:15,
                 from /usr/include/ruby-3.2.0/ruby.h:38,
                 from pg.h:21:
/usr/include/x86_64-linux-gnu/ruby-3.2.0/ruby/config.h:84: note: this is the location of the previous definition
   84 | #define restrict __restrict__
      | 
compiling pg_coder.c
In file included from pg.h:60,
                 from pg_coder.c:6:
/home/joxer/.asdf/installs/postgres/15.1/include/pg_config.h:1011: warning: "restrict" redefined
 1011 | #define restrict __restrict
      | 
In file included from /usr/include/ruby-3.2.0/ruby/internal/config.h:22,
                 from /usr/include/ruby-3.2.0/ruby/ruby.h:15,
                 from /usr/include/ruby-3.2.0/ruby.h:38,
                 from pg.h:21:
/usr/include/x86_64-linux-gnu/ruby-3.2.0/ruby/config.h:84: note: this is the location of the previous definition
   84 | #define restrict __restrict__
      | 
compiling pg_connection.c
In file included from pg.h:60,
                 from pg_connection.c:7:
/home/joxer/.asdf/installs/postgres/15.1/include/pg_config.h:1011: warning: "restrict" redefined
 1011 | #define restrict __restrict
      | 
In file included from /usr/include/ruby-3.2.0/ruby/internal/config.h:22,
                 from /usr/include/ruby-3.2.0/ruby/ruby.h:15,
                 from /usr/include/ruby-3.2.0/ruby.h:38,
                 from pg.h:21:
/usr/include/x86_64-linux-gnu/ruby-3.2.0/ruby/config.h:84: note: this is the location of the previous definition
   84 | #define restrict __restrict__
      | 
compiling pg_copy_coder.c
In file included from pg.h:60,
                 from pg_copy_coder.c:6:
/home/joxer/.asdf/installs/postgres/15.1/include/pg_config.h:1011: warning: "restrict" redefined
 1011 | #define restrict __restrict
      | 
In file included from /usr/include/ruby-3.2.0/ruby/internal/config.h:22,
                 from /usr/include/ruby-3.2.0/ruby/ruby.h:15,
                 from /usr/include/ruby-3.2.0/ruby.h:38,
                 from pg.h:21:
/usr/include/x86_64-linux-gnu/ruby-3.2.0/ruby/config.h:84: note: this is the location of the previous definition
   84 | #define restrict __restrict__
      | 
compiling pg_errors.c
In file included from pg.h:60,
                 from pg_errors.c:6:
/home/joxer/.asdf/installs/postgres/15.1/include/pg_config.h:1011: warning: "restrict" redefined
 1011 | #define restrict __restrict
      | 
In file included from /usr/include/ruby-3.2.0/ruby/internal/config.h:22,
                 from /usr/include/ruby-3.2.0/ruby/ruby.h:15,
                 from /usr/include/ruby-3.2.0/ruby.h:38,
                 from pg.h:21:
/usr/include/x86_64-linux-gnu/ruby-3.2.0/ruby/config.h:84: note: this is the location of the previous definition
   84 | #define restrict __restrict__
      | 
compiling pg_record_coder.c
In file included from pg.h:60,
                 from pg_record_coder.c:6:
/home/joxer/.asdf/installs/postgres/15.1/include/pg_config.h:1011: warning: "restrict" redefined
 1011 | #define restrict __restrict
      | 
In file included from /usr/include/ruby-3.2.0/ruby/internal/config.h:22,
                 from /usr/include/ruby-3.2.0/ruby/ruby.h:15,
                 from /usr/include/ruby-3.2.0/ruby.h:38,
                 from pg.h:21:
/usr/include/x86_64-linux-gnu/ruby-3.2.0/ruby/config.h:84: note: this is the location of the previous definition
   84 | #define restrict __restrict__
      | 
compiling pg_result.c
In file included from pg.h:60,
                 from pg_result.c:7:
/home/joxer/.asdf/installs/postgres/15.1/include/pg_config.h:1011: warning: "restrict" redefined
 1011 | #define restrict __restrict
      | 
In file included from /usr/include/ruby-3.2.0/ruby/internal/config.h:22,
                 from /usr/include/ruby-3.2.0/ruby/ruby.h:15,
                 from /usr/include/ruby-3.2.0/ruby.h:38,
                 from pg.h:21:
/usr/include/x86_64-linux-gnu/ruby-3.2.0/ruby/config.h:84: note: this is the location of the previous definition
   84 | #define restrict __restrict__
      | 
compiling pg_text_decoder.c
In file included from pg.h:60,
                 from pg_text_decoder.c:32:
/home/joxer/.asdf/installs/postgres/15.1/include/pg_config.h:1011: warning: "restrict" redefined
 1011 | #define restrict __restrict
      | 
In file included from /usr/include/ruby-3.2.0/ruby/internal/config.h:22,
                 from /usr/include/ruby-3.2.0/ruby/ruby.h:15,
                 from /usr/include/ruby-3.2.0/ruby.h:38,
                 from pg.h:21:
/usr/include/x86_64-linux-gnu/ruby-3.2.0/ruby/config.h:84: note: this is the location of the previous definition
   84 | #define restrict __restrict__
      | 
compiling pg_text_encoder.c
In file included from pg.h:60,
                 from pg_text_encoder.c:43:
/home/joxer/.asdf/installs/postgres/15.1/include/pg_config.h:1011: warning: "restrict" redefined
 1011 | #define restrict __restrict
      | 
In file included from /usr/include/ruby-3.2.0/ruby/internal/config.h:22,
                 from /usr/include/ruby-3.2.0/ruby/ruby.h:15,
                 from /usr/include/ruby-3.2.0/ruby.h:38,
                 from pg.h:21:
/usr/include/x86_64-linux-gnu/ruby-3.2.0/ruby/config.h:84: note: this is the location of the previous definition
   84 | #define restrict __restrict__
      | 
compiling pg_tuple.c
In file included from pg.h:60,
                 from pg_tuple.c:1:
/home/joxer/.asdf/installs/postgres/15.1/include/pg_config.h:1011: warning: "restrict" redefined
 1011 | #define restrict __restrict
      | 
In file included from /usr/include/ruby-3.2.0/ruby/internal/config.h:22,
                 from /usr/include/ruby-3.2.0/ruby/ruby.h:15,
                 from /usr/include/ruby-3.2.0/ruby.h:38,
                 from pg.h:21:
/usr/include/x86_64-linux-gnu/ruby-3.2.0/ruby/config.h:84: note: this is the location of the previous definition
   84 | #define restrict __restrict__
      | 
compiling pg_type_map.c
In file included from pg.h:60,
                 from pg_type_map.c:7:
/home/joxer/.asdf/installs/postgres/15.1/include/pg_config.h:1011: warning: "restrict" redefined
 1011 | #define restrict __restrict
      | 
In file included from /usr/include/ruby-3.2.0/ruby/internal/config.h:22,
                 from /usr/include/ruby-3.2.0/ruby/ruby.h:15,
                 from /usr/include/ruby-3.2.0/ruby.h:38,
                 from pg.h:21:
/usr/include/x86_64-linux-gnu/ruby-3.2.0/ruby/config.h:84: note: this is the location of the previous definition
   84 | #define restrict __restrict__
      | 
compiling pg_type_map_all_strings.c
In file included from pg.h:60,
                 from pg_type_map_all_strings.c:9:
/home/joxer/.asdf/installs/postgres/15.1/include/pg_config.h:1011: warning: "restrict" redefined
 1011 | #define restrict __restrict
      | 
In file included from /usr/include/ruby-3.2.0/ruby/internal/config.h:22,
                 from /usr/include/ruby-3.2.0/ruby/ruby.h:15,
                 from /usr/include/ruby-3.2.0/ruby.h:38,
                 from pg.h:21:
/usr/include/x86_64-linux-gnu/ruby-3.2.0/ruby/config.h:84: note: this is the location of the previous definition
   84 | #define restrict __restrict__
      | 
compiling pg_type_map_by_class.c
In file included from pg.h:60,
                 from pg_type_map_by_class.c:10:
/home/joxer/.asdf/installs/postgres/15.1/include/pg_config.h:1011: warning: "restrict" redefined
 1011 | #define restrict __restrict
      | 
In file included from /usr/include/ruby-3.2.0/ruby/internal/config.h:22,
                 from /usr/include/ruby-3.2.0/ruby/ruby.h:15,
                 from /usr/include/ruby-3.2.0/ruby.h:38,
                 from pg.h:21:
/usr/include/x86_64-linux-gnu/ruby-3.2.0/ruby/config.h:84: note: this is the location of the previous definition
   84 | #define restrict __restrict__
      | 
compiling pg_type_map_by_column.c
In file included from pg.h:60,
                 from pg_type_map_by_column.c:7:
/home/joxer/.asdf/installs/postgres/15.1/include/pg_config.h:1011: warning: "restrict" redefined
 1011 | #define restrict __restrict
      | 
In file included from /usr/include/ruby-3.2.0/ruby/internal/config.h:22,
                 from /usr/include/ruby-3.2.0/ruby/ruby.h:15,
                 from /usr/include/ruby-3.2.0/ruby.h:38,
                 from pg.h:21:
/usr/include/x86_64-linux-gnu/ruby-3.2.0/ruby/config.h:84: note: this is the location of the previous definition
   84 | #define restrict __restrict__
      | 
compiling pg_type_map_by_mri_type.c
In file included from pg.h:60,
                 from pg_type_map_by_mri_type.c:10:
/home/joxer/.asdf/installs/postgres/15.1/include/pg_config.h:1011: warning: "restrict" redefined
 1011 | #define restrict __restrict
      | 
In file included from /usr/include/ruby-3.2.0/ruby/internal/config.h:22,
                 from /usr/include/ruby-3.2.0/ruby/ruby.h:15,
                 from /usr/include/ruby-3.2.0/ruby.h:38,
                 from pg.h:21:
/usr/include/x86_64-linux-gnu/ruby-3.2.0/ruby/config.h:84: note: this is the location of the previous definition
   84 | #define restrict __restrict__
      | 
compiling pg_type_map_by_oid.c
In file included from pg.h:60,
                 from pg_type_map_by_oid.c:7:
/home/joxer/.asdf/installs/postgres/15.1/include/pg_config.h:1011: warning: "restrict" redefined
 1011 | #define restrict __restrict
      | 
In file included from /usr/include/ruby-3.2.0/ruby/internal/config.h:22,
                 from /usr/include/ruby-3.2.0/ruby/ruby.h:15,
                 from /usr/include/ruby-3.2.0/ruby.h:38,
                 from pg.h:21:
/usr/include/x86_64-linux-gnu/ruby-3.2.0/ruby/config.h:84: note: this is the location of the previous definition
   84 | #define restrict __restrict__
      | 
compiling pg_type_map_in_ruby.c
In file included from pg.h:60,
                 from pg_type_map_in_ruby.c:7:
/home/joxer/.asdf/installs/postgres/15.1/include/pg_config.h:1011: warning: "restrict" redefined
 1011 | #define restrict __restrict
      | 
In file included from /usr/include/ruby-3.2.0/ruby/internal/config.h:22,
                 from /usr/include/ruby-3.2.0/ruby/ruby.h:15,
                 from /usr/include/ruby-3.2.0/ruby.h:38,
                 from pg.h:21:
/usr/include/x86_64-linux-gnu/ruby-3.2.0/ruby/config.h:84: note: this is the location of the previous definition
   84 | #define restrict __restrict__
      | 
compiling pg_util.c
In file included from pg.h:60,
                 from pg_util.c:7:
/home/joxer/.asdf/installs/postgres/15.1/include/pg_config.h:1011: warning: "restrict" redefined
 1011 | #define restrict __restrict
      | 
In file included from /usr/include/ruby-3.2.0/ruby/internal/config.h:22,
                 from /usr/include/ruby-3.2.0/ruby/ruby.h:15,
                 from /usr/include/ruby-3.2.0/ruby.h:38,
                 from pg.h:21:
/usr/include/x86_64-linux-gnu/ruby-3.2.0/ruby/config.h:84: note: this is the location of the previous definition
   84 | #define restrict __restrict__
      | 
linking shared-object pg_ext.so

current directory: /home/joxer/rails_app/blog/vendor/bundle/ruby/3.2.0/gems/pg-1.5.9/ext
make DESTDIR\= sitearchdir\=./.gem.20250619-17175-qkyf7n sitelibdir\=./.gem.20250619-17175-qkyf7n install
/usr/bin/install -c -m 0755 pg_ext.so ./.gem.20250619-17175-qkyf7n
installing pg_ext libraries

current directory: /home/joxer/rails_app/blog/vendor/bundle/ruby/3.2.0/gems/pg-1.5.9/ext
make DESTDIR\= sitearchdir\=./.gem.20250619-17175-qkyf7n sitelibdir\=./.gem.20250619-17175-qkyf7n clean
